>>> Starting Agent Boot Sequence...
[1/6] Checking User Account               [OK]
   ... Running as service user 'innuendo3712' (uid=1267600711)
[2/6] Verifying Environment Variables     [OK]
   ... All required Envs correct
[3/6] Checking Required Files             [OK]
   ... Verified 'secret.key' with correct key string.
[4/6] Checking Port Availability          [OK]
   ... Port 15034 is available.
[5/6] Verifying Log Permission            [OK]
   ... Log directory is writable: /home/innuendo3712/agent-app/logs
[6/6] Verifying Mission Environment       [OK]
   ... MEMORY_LIMIT=50MB, CPU_MAX_OCCUPY=100%, MULTI_THREAD_ENABLE=True
------------------------------------------------------------
All Boot Checks Passed!
Agent READY
2026-09-25 00:10:22,484 [INFO] [SafetyGuard] Process priority lowered (nice=10).
2026-09-25 00:10:22,484 [INFO] Agent listening at port 15034

==================================================
 [ Agent Initiate ] Resource Check 
==================================================
 [ MEMORY ] Limit: 50MB 		[ WARNING: Recommend Over 256MB ]
 [ CPU    ] Limit: 100%  		[ WARNING: Recommend Under 50% ]
 [ THREAD ] Concurrency: True 		[ WARNING ]
--------------------------------------------------
 >>> SYSTEM WARNING: POTENTIAL DEADLOCK IN CONCURRENT MODE.
==================================================

2026-09-25 00:10:24,532 [INFO] [MemoryWorker] Current Heap: 25MB
2026-09-25 00:10:27,587 [INFO] [MemoryWorker] Current Heap: 50MB
2026-09-25 00:10:27,587 [CRITICAL] [MemoryGuard] Memory limit exceeded (50MB >= 50MB) / (Recommend Over 256MB)
2026-09-25 00:10:27,587 [CRITICAL] [MemoryGuard] Self-terminating process 4423 to prevent system instability.
